// Vitest Snapshot v1, https://vitest.dev/guide/snapshot.html

exports[`London to San Francisco on UA 900 > matches the reviewed snapshot 1`] = `
{
  "summary": [
    "dark Sun 07:00 Sun 08:00 ",
    "caffeine Sun 07:00 Sun 16:00 ",
    "light Sun 20:00 Mon 00:00 ",
    "sleep Mon 00:00 Mon 08:00 ",
    "caffeine Mon 08:00 Mon 17:00 ",
    "light Mon 21:00 Tue 01:00 ",
    "sleep Tue 01:00 Tue 09:00 ",
    "caffeine Tue 09:00 Tue 16:00 ",
    "light Tue 20:00 Wed 00:00 ",
    "sleep Wed 00:00 Wed 06:30 ",
    "dark Wed 06:30 Wed 09:45 ",
    "flight Wed 10:35 Wed 13:35 ",
    "nap Wed 11:05 Wed 12:35 ",
    "caffeineDose Wed 12:35 Wed 12:35 50 to 100 mg",
    "caffeine Wed 12:35 Wed 14:00 ",
    "light Wed 18:00 Wed 22:00 ",
    "melatonin Wed 21:30 Wed 21:30 0.5 mg",
    "sleep Wed 22:00 Thu 07:00 ",
    "caffeine Thu 07:00 Thu 15:00 ",
    "light Thu 19:00 Thu 23:00 ",
    "melatonin Thu 22:30 Thu 22:30 0.5 mg",
    "sleep Thu 23:00 Fri 07:00 ",
    "caffeine Fri 07:00 Fri 15:00 ",
    "light Fri 19:00 Fri 23:00 ",
    "melatonin Fri 22:30 Fri 22:30 0.5 mg",
    "sleep Fri 23:00 Sat 07:00 ",
    "caffeine Sat 07:00 Sat 15:00 ",
    "light Sat 19:00 Sat 23:00 ",
    "sleep Sat 23:00 Sun 07:00 ",
    "caffeine Sun 07:00 Sun 15:00 ",
    "sleep Sun 23:00 Mon 07:00 ",
  ],
  "tmins": [
    "Sun 04:00",
    "Mon 04:35",
    "Tue 05:10",
    "Wed 05:45",
    "Wed 23:35",
    "Fri 01:25",
    "Sat 03:15",
    "Sun 04:00",
  ],
}
`;
